level 0
ssh -p 2220 bandit0@bandit.labs.overthewire.org

level 0 -> level 1
cat reademe
NH2SXQwcBdpmTEzi3bvBHMM9H66vVXjL

level 1 -> level 2
cat ./-
rRGizSaX8Mk1RTb1CNQoXTcYZWU6lgzi

level 2 -> level 3
 cat spaces\ in\ this\ filename 
aBZ0W5EmUfAf7kHTQeOwd8bauFJ2lAiG

level 3 -> level 4
$ls -al
inhere$ ls -al
cat .hidden
2EW7BBsr6aMMoJ2HjW067dm8EgX26xNe

lavel 4 -> level 5
cd ./inhere
cat ./-*
cat 'ls'
./-*
echo ./-*
echo asdf
cat ./-file00
cat ./-file07
lrIWWI6bB37kxfiCQZqUdOIYfr6eEeqR

lavel 5 -> level 6
cd ./ inhere


ls


fille ./*

file./maybehere00/*
fine ./* -size 1033c
find ./* -siwze 1033c./maybehere07/.file2
 file ./maybehere07/.file2
./maybehere07/.file2: ASCII text, with very long lines (1000)
cat ./maybehere07/.file2
P4L4vucdmLnm8I7Vl7jG1ApGSfjYKqJU

lavel 6 -> lavel 7

bandit6@bandit:~$ ls -a

.  ..  .bash_logout  .bashrc  .profile

bandit6@bandit:~$ ls -la

bandit6@bandit:~$ ls -al /etc/bandit_pass/bandit7

-r-------- 1 bandit7 bandit7 33 Sep  1 06:30 /etc/bandit_pass/bandit7

bandit6@bandit:~$ ls -al /var/lib/dpkg/info/bandit7.password

-rw-r----- 1 bandit7 bandit6 33 Sep  1 06:30 /var/lib/dpkg/info/bandit7.password

bandit6@bandit:~$ cat /var/lib/dpkg/info/bandit7.password

z7WtoNQU2XfjmMtWA8u5rN4vzqu4v99S

bandit6@bandit:~$ ^C

lavel 7 -> lavel 8

bandit7@bandit:~$ cat dat.txt | grep -E "millionth"
cat: dat.txt: No such file or directory
bandit7@bandit:~$ cat data.txt | grep -E "millionth"
millionth       TESKZC0XvTetK0S9xNwm25STk5iWrBvP

lavel 8 -> lavel 9

cat data.txt| sort 
EN632PlfYiZbn3PhVK3XOGSlNInNE00t

lavel 9 -> lavel 10

G7w8LIi6J3kTb8A7j9LgrywtEUlyyp6s























